C51 COMPILER V9.60.0.0   ACCORDING                                                         06/22/2022 21:14:51 PAGE 1   


C51 COMPILER V9.60.0.0, COMPILATION OF MODULE ACCORDING
OBJECT MODULE PLACED IN .\Objects\According.obj
COMPILER INVOKED BY: D:\Keil_v5\C51\BIN\C51.EXE user\According.c OPTIMIZE(8,SPEED) BROWSE DEBUG OBJECTEXTEND PRINT(.\Lis
                    -tings\According.lst) TABS(2) OBJECT(.\Objects\According.obj)

line level    source

   1          #include"wk.h"
   2          
   3          void According_lcd(void)
   4          {
   5   1          static unsigned char a=0;
   6   1          int T=0;
   7   1          //The first line
   8   1          lcd_w_cmd(0x80);//~0x85
   9   1          switch(working_condition)
  10   1          {
  11   2          case 0:
  12   2              lcd_w_data('c');
  13   2              lcd_w_data('l');
  14   2              lcd_w_data('o');
  15   2              lcd_w_data('c');
  16   2              lcd_w_data('e');
  17   2              break;
  18   2          case 1:
  19   2              lcd_w_data('o');
  20   2              lcd_w_data('p');
  21   2              lcd_w_data('e');
  22   2              lcd_w_data('n');
  23   2              lcd_w_data(' ');
  24   2              break;
  25   2          case 2:
  26   2              lcd_w_data('k');
  27   2              lcd_w_data('e');
  28   2              lcd_w_data('e');
  29   2              lcd_w_data('p');
  30   2              lcd_w_data(' ');
  31   2              break;
  32   2          case 3:
  33   2              lcd_w_data('t');
  34   2              lcd_w_data('i');
  35   2              lcd_w_data('m');
  36   2              lcd_w_data('e');
  37   2              lcd_w_data('r');
  38   2              break;
  39   2          }
  40   1          adc_thermistor_voltage();
  41   1          adc_thermistor_voltage_data();
  42   1          T=temp_find();
  43   1          lcd_w_cmd(0x86);//~0x88
  44   1          lcd_w_data(((uchar)(T/100)+'0'));
  45   1          lcd_w_data(((uchar)(T%100/10)+'0'));
  46   1          lcd_w_data((uchar)(T%10)+'0');
  47   1      
  48   1          lcd_w_cmd(0x89);//~0x8A
  49   1          lcd_w_data('-');
  50   1          lcd_w_data('>');
  51   1      
  52   1          lcd_w_cmd(0x8B);//0X8D
  53   1          lcd_w_data((uchar)(design_temperature/100+'0'));
  54   1          lcd_w_data((uchar)(design_temperature%100/10+'0'));
C51 COMPILER V9.60.0.0   ACCORDING                                                         06/22/2022 21:14:51 PAGE 2   

  55   1          lcd_w_data((uchar)(design_temperature%10+'0'));
  56   1      
  57   1          lcd_w_cmd(0x8F);
  58   1          if(working_condition&&a)
  59   1          {
  60   2              lcd_w_data('*');
  61   2              a=!a;
  62   2          }
  63   1          else
  64   1          {
  65   2              lcd_w_data(' ');
  66   2              a=!a;
  67   2          }
  68   1          //The second line
  69   1          lcd_w_cmd(0xC0);//~0xC4
  70   1          adc_res_voltage();
  71   1          adc_res_voltage_data();
  72   1          lcd_w_data(((uchar)(res_voltage_data_power)/100+'0'));
  73   1          lcd_w_data(((uchar)(res_voltage_data_power)%100/10+'0'));
  74   1          lcd_w_data(((uchar)(res_voltage_data_power)%10+'0'));
  75   1          lcd_w_data('W');
  76   1          lcd_w_cmd(0xC5);//
  77   1      
  78   1      }
  79          
  80          void Job_control(void)
  81          {
  82   1          mos_control();
  83   1          if(working_condition==3)
  84   1              TR1=1;
  85   1          else
  86   1              TR1=0;
  87   1      }
  88          
  89          void mos_control(void)
  90          {
  91   1          int T=0;
  92   1          T=temp_find();
  93   1          if(working_condition==0)
  94   1              MOS_control=0;
  95   1          else if(working_condition==1)
  96   1              MOS_control=1;
  97   1          else if(working_condition==2)
  98   1          {
  99   2              if(T>design_temperature)
 100   2              {
 101   3                  MOS_control=0;
 102   3              }
 103   2              else if(T<(design_temperature-3))
 104   2              {
 105   3                  MOS_control=1;
 106   3              }
 107   2          }
 108   1          else if(working_condition==3)
 109   1          {
 110   2              if(T>200)
 111   2              {
 112   3                  MOS_control=0;
 113   3              }
 114   2              else if(T<(197))
 115   2              {
 116   3                  MOS_control=1;
C51 COMPILER V9.60.0.0   ACCORDING                                                         06/22/2022 21:14:51 PAGE 3   

 117   3              }
 118   2          }
 119   1      
 120   1      }


MODULE INFORMATION:   STATIC OVERLAYABLE
   CODE SIZE        =    575    ----
   CONSTANT SIZE    =   ----    ----
   XDATA SIZE       =   ----    ----
   PDATA SIZE       =   ----    ----
   DATA SIZE        =      1       2
   IDATA SIZE       =   ----    ----
   BIT SIZE         =   ----    ----
END OF MODULE INFORMATION.


C51 COMPILATION COMPLETE.  0 WARNING(S),  0 ERROR(S)
