C51 COMPILER V9.60.0.0   ADC                                                               06/22/2022 21:14:50 PAGE 1   


C51 COMPILER V9.60.0.0, COMPILATION OF MODULE ADC
OBJECT MODULE PLACED IN .\Objects\ADC.obj
COMPILER INVOKED BY: D:\Keil_v5\C51\BIN\C51.EXE user\ADC.C OPTIMIZE(8,SPEED) BROWSE DEBUG OBJECTEXTEND PRINT(.\Listings\
                    -ADC.lst) TABS(2) OBJECT(.\Objects\ADC.obj)

line level    source

   1          #include"wk.h"
   2          
   3          unsigned int res_voltage_data;
   4          double res_voltage_data_power;
   5          unsigned int thermistor_voltage_data;
   6          u32 thermistor_voltage_data_power;
   7          void ADC_initialize(void)
   8          {
   9   1          P1ASF=0X03;
  10   1          ADC_RES=0;
  11   1          ADC_RESL=0;
  12   1          ADC_CONTR=0X80;
  13   1          delay(1200);
  14   1      }
  15          void adc_res_voltage(void)
  16          {
  17   1          ADC_RES=0;
  18   1          ADC_RESL=0;
  19   1          ADC_CONTR=0X80;//000=0,001=1,010=2,011=3,100=4,101=5,110=6,111=7
  20   1          delay(1200);
  21   1          ADC_CONTR=0X88;
  22   1          while(!(ADC_CONTR&0x10));
  23   1          ADC_CONTR=0x00;
  24   1      }
  25          
  26          void adc_res_voltage_data(void)
  27          {
  28   1          double a=0;
  29   1          res_voltage_data=0;
  30   1          res_voltage_data=ADC_RES*4+ADC_RESL;
  31   1          a=res_voltage_data*(5.0000/1024.0000);
  32   1          //NTC 10K,10K
  33   1      //  res_voltage_data_power=(10000.0000*a)/(5.0000-a);
  34   1      
  35   1          res_voltage_data_power=(12.0000-a/31.0000-(a/31.0000/0.005)*0.007)*(a/31.0000/0.005);
  36   1      
  37   1      }
  38          
  39          void adc_thermistor_voltage(void)
  40          {
  41   1          ADC_RES=0;
  42   1          ADC_RESL=0;
  43   1          ADC_CONTR=0X81;//000=0,001=1,010=2,011=3,100=4,101=5,110=6,111=7
  44   1          delay(1200);
  45   1          ADC_CONTR=0X89;
  46   1          while(!(ADC_CONTR&0x10));
  47   1          ADC_CONTR=0x00;
  48   1      }
  49          
  50          void adc_thermistor_voltage_data(void)
  51          {
  52   1          double a=0;
  53   1          thermistor_voltage_data=0;
  54   1          thermistor_voltage_data=ADC_RES*4+ADC_RESL;
C51 COMPILER V9.60.0.0   ADC                                                               06/22/2022 21:14:50 PAGE 2   

  55   1          a=thermistor_voltage_data*(5.0000/1024.000);
  56   1          thermistor_voltage_data_power=((996.0000*a)/(5.0000-a));
  57   1      }


MODULE INFORMATION:   STATIC OVERLAYABLE
   CODE SIZE        =    399    ----
   CONSTANT SIZE    =   ----    ----
   XDATA SIZE       =   ----    ----
   PDATA SIZE       =   ----    ----
   DATA SIZE        =     12       8
   IDATA SIZE       =   ----    ----
   BIT SIZE         =   ----    ----
END OF MODULE INFORMATION.


C51 COMPILATION COMPLETE.  0 WARNING(S),  0 ERROR(S)
